// Jest Snapshot v1, https://goo.gl/fbAQLP

exports[`About should render 1`] = `
<h1>
  Hello, from About page
</h1>
`;
