// Jest Snapshot v1, https://goo.gl/fbAQLP

exports[`CategoryItem should render correctly 1`] = `
<div
  class="card"
  role="article"
>
  <div
    class="card-image"
  >
    <img
      alt="test"
      src="/test.png"
    />
  </div>
  <div
    class="card-content"
  >
    <span
      class="card-title"
    >
      test
    </span>
    <p>
      test
      ...
    </p>
  </div>
  <div
    class="card-action"
  >
    <a
      class="btn"
      href="/category/test"
    >
      Watch category
    </a>
  </div>
</div>
`;
