// Jest Snapshot v1, https://goo.gl/fbAQLP

exports[`CategoryList should render correctly 1`] = `
<div
  class="list"
  role="list"
>
  <div
    class="card"
    role="article"
  >
    <div
      class="card-image"
    >
      <img
        alt="test"
        src="/test.png"
      />
    </div>
    <div
      class="card-content"
    >
      <span
        class="card-title"
      >
        test
      </span>
      <p>
        test
        ...
      </p>
    </div>
    <div
      class="card-action"
    >
      <a
        class="btn"
        href="/category/test"
      >
        Watch category
      </a>
    </div>
  </div>
  <div
    class="card"
    role="article"
  >
    <div
      class="card-image"
    >
      <img
        alt="test"
        src="/test.png"
      />
    </div>
    <div
      class="card-content"
    >
      <span
        class="card-title"
      >
        test
      </span>
      <p>
        test
        ...
      </p>
    </div>
    <div
      class="card-action"
    >
      <a
        class="btn"
        href="/category/test"
      >
        Watch category
      </a>
    </div>
  </div>
</div>
`;

exports[`CategoryList should render correctly with empty array 1`] = `
<div
  class="list"
  role="list"
/>
`;
