// Jest Snapshot v1, https://goo.gl/fbAQLP

exports[`MealList should render correctly 1`] = `
<div
  class="list"
  role="list"
>
  <div
    class="card"
    role="article"
  >
    <div
      class="card-image"
    >
      <img
        alt="test"
        src="/test.png"
      />
    </div>
    <div
      class="card-content"
    >
      <span
        class="card-title"
      >
        test
      </span>
    </div>
    <div
      class="card-action"
    >
      <a
        class="btn"
        href="/meal/test"
      >
        Watch recipe
      </a>
    </div>
  </div>
  <div
    class="card"
    role="article"
  >
    <div
      class="card-image"
    >
      <img
        alt="test"
        src="/test.png"
      />
    </div>
    <div
      class="card-content"
    >
      <span
        class="card-title"
      >
        test
      </span>
    </div>
    <div
      class="card-action"
    >
      <a
        class="btn"
        href="/meal/test2"
      >
        Watch recipe
      </a>
    </div>
  </div>
</div>
`;
